A) Basic Git Commands
1. create a new repo ...
- I created it via GitHub
- I added the readme.txt + add content via GitHub
- I added a new file1.txt + content via GitHub

2. Open GitBash...
- pwd (c:\Users\bruno\workspace\git\)
- mkdir JavaReskilling
- cd JavaReskilling
- mkdir GitProjects
- cd GitProjects
- ls (there is nothing yet)
- git init
- ls (.git folder is created)

3. Clone ...
- git clone https://github.com/zeghersbruno/practicegit.git
	Cloning into 'practicegit'...
	remote: Enumerating objects: 6, done.
	remote: Counting objects: 100% (6/6), done.
	remote: Compressing objects: 100% (3/3), done.
	remote: Total 6 (delta 0), reused 0 (delta 0), pack-reused 0
	Unpacking objects: 100% (6/6), 1.26 KiB | 2.00 KiB/s, done.

4. Create a new branch ...
- git switch -c firstbranch
	Switched to a new branch 'firstbranch'

5. Add a file called ...
- touch file2.txt
- echo "here am I, file 2 !" >> file2.txt
- git add file2.txt
	warning: LF will be replaced by CRLF in file2.txt.
	The file will have its original line endings in your working directory
- git commit
	Here GitBash opened the VIM Editor with a warning message to explain that I have to enter a commit message, otherwise the commit will abort
	I entered a message via VIM, :w to save it, :q to quit, the commit has worked
	[firstbranch (root-commit) f4a1258] without a commit message it does not work ...
	1 file changed, 1 insertion(+)
	create mode 100644 file2.txt
- git status
	On branch firstbranch
	Untracked files:
    (use "git add <file>..." to include in what will be committed)
        practicegit/

	nothing added to commit but untracked files present (use "git add" to track)
	
- git push --set-upstream practicegit firstbranch
Enumerating objects: 5, done.
Counting objects: 100% (5/5), done.
Delta compression using up to 4 threads
Compressing objects: 100% (3/3), done.
Writing objects: 100% (5/5), 503 bytes | 251.00 KiB/s, done.
Total 5 (delta 0), reused 0 (delta 0), pack-reused 0
remote:
remote: Create a pull request for 'firstbranch' on GitHub by visiting:
remote:      https://github.com/zeghersbruno/practicegit/pull/new/firstbranch
remote:
To https://github.com/zeghersbruno/practicegit.git
 * [new branch]      firstbranch -> firstbranch
Branch 'firstbranch' set up to track remote branch 'firstbranch' from 'practicegit'.

6. Push ...
ok but I lost my logs because of internet access with my laptop, so some results are lost

B) Undoing things
1. Add two more files
bruno@DESKTOP-2QNKKLT MINGW64 ~/workspace/git/JavaReskilling/GitProjects/practicegit (master)
$ ls
file1.txt  file3.txt  file4.txt  readme.txt  solutionsGitBruno.txt

bruno@DESKTOP-2QNKKLT MINGW64 ~/workspace/git/JavaReskilling/GitProjects/practicegit (master)
$ git status
On branch master
Your branch is ahead of 'origin/master' by 1 commit.
  (use "git push" to publish your local commits)

Changes not staged for commit:
  (use "git add <file>..." to update what will be committed)
  (use "git restore <file>..." to discard changes in working directory)
        modified:   solutionsGitBruno.txt

Untracked files:
  (use "git add <file>..." to include in what will be committed)
        file4.txt

no changes added to commit (use "git add" and/or "git commit -a")

2. Commit ...
	bruno@DESKTOP-2QNKKLT MINGW64 ~/workspace/git/JavaReskilling/GitProjects/practicegit (master)
	$ git commit --amend -m "message changed as it's asked"
	[master 1b89e70] message changed as it's asked
	 Date: Thu Sep 10 14:25:42 2020 +0200
	 1 file changed, 1 insertion(+)
	 create mode 100644 file3.txt

	bruno@DESKTOP-2QNKKLT MINGW64 ~/workspace/git/JavaReskilling/GitProjects/practicegit (master)
	$ git revert 7f954c5
	Removing file3.txt
	[master 5557bb2] Revert "only file3.txt is committed"
	 1 file changed, 1 deletion(-)
	 delete mode 100644 file3.txt

	bruno@DESKTOP-2QNKKLT MINGW64 ~/workspace/git/JavaReskilling/GitProjects/practicegit (master)
	$ git status
	On branch master
	Your branch is ahead of 'origin/master' by 2 commits.
	  (use "git push" to publish your local commits)

	Changes not staged for commit:
	  (use "git add <file>..." to update what will be committed)
	  (use "git restore <file>..." to discard changes in working directory)
			modified:   solutionsGitBruno.txt

	Untracked files:
	  (use "git add <file>..." to include in what will be committed)
			file4.txt

	no changes added to commit (use "git add" and/or "git commit -a")

	bruno@DESKTOP-2QNKKLT MINGW64 ~/workspace/git/JavaReskilling/GitProjects/practicegit (master)
	$ ls
	file1.txt  file4.txt  readme.txt  solutionsGitBruno.txt
	
3. Try to undo your revert..

	bruno@DESKTOP-2QNKKLT MINGW64 ~/workspace/git/JavaReskilling/GitProjects/practicegit (master)
	$ git log
	commit 5557bb26ddaa3ca6bc75cc635085e85c45e20dea (HEAD -> master)
	Author: zeghersbruno <bruno.zeghers@gmail.com>
	Date:   Thu Sep 10 15:08:30 2020 +0200

		Revert "only file3.txt is committed"

		This reverts commit 7f954c5721c2a166b67c308344a96f2976ee7e2f.

	commit 1b89e702d47ebb1837e19543be20f29f1e6efd57
	Author: zeghersbruno <bruno.zeghers@gmail.com>
	Date:   Thu Sep 10 14:25:42 2020 +0200

		message changed as it's asked

	commit 8f619a2a4cece2bdbc150516eb4b3dbfb5ab5b1a (origin/master, origin/HEAD)
	Author: zeghersbruno <bruno.zeghers@gmail.com>
	Date:   Thu Sep 10 12:01:44 2020 +0200

		forgot the solutions

	commit 7653d7d0c62b9276fd4d9039ac44c9a21cf1621f
	Author: zeghersbruno <70945956+zeghersbruno@users.noreply.github.com>
	Date:   Thu Sep 10 10:10:15 2020 +0200

		Create file1.txt

	commit 7d3decf2733a3c89f011fd6ca07ae182e1f2b595
	Author: zeghersbruno <70945956+zeghersbruno@users.noreply.github.com>
	Date:   Thu Sep 10 10:09:24 2020 +0200

		Create readme.txt

	bruno@DESKTOP-2QNKKLT MINGW64 ~/workspace/git/JavaReskilling/GitProjects/practicegit (master)
	$ git revert  5557bb
	[master 68e9692] Revert "Revert "only file3.txt is committed""
	 1 file changed, 1 insertion(+)
	 create mode 100644 file3.txt

	bruno@DESKTOP-2QNKKLT MINGW64 ~/workspace/git/JavaReskilling/GitProjects/practicegit (master)
	$ ls
	file1.txt  file3.txt  file4.txt  readme.txt  solutionsGitBruno.txt

4. Stage file4.txt again ...

	bruno@DESKTOP-2QNKKLT MINGW64 ~/workspace/git/JavaReskilling/GitProjects/practicegit (master)
	$ git add file4.txt
	warning: LF will be replaced by CRLF in file4.txt.
	The file will have its original line endings in your working directory

	bruno@DESKTOP-2QNKKLT MINGW64 ~/workspace/git/JavaReskilling/GitProjects/practicegit (master)
	$ git commit
	[master 66f59f5] add file4 again
	 1 file changed, 1 insertion(+)
	 create mode 100644 file4.txt
